exports[`<Wrapper /> Should render section 1`] = `1`;
