exports[`<Login /> should render <Button /> 1`] = `1`;

exports[`<Login /> should render <LoginForm /> 1`] = `1`;

exports[`<Login /> should render <Wrapper /> 1`] = `1`;
