exports[`<ListItem /> should render <Input /> components in edit mode 1`] = `2`;
